// Jest Snapshot v1, https://goo.gl/fbAQLP

exports[`ColorSelector Test renders ColorSelector 1`] = `
<Fragment>
  <input
    name="backgroundColor"
    type="color"
  />
  <input
    name="color"
    type="color"
  />
</Fragment>
`;
